../Core/Src/stm32f4xx_it.c:77:6:NMI_Handler	0	static
../Core/Src/stm32f4xx_it.c:92:6:HardFault_Handler	8	static
../Core/Src/stm32f4xx_it.c:111:6:MemManage_Handler	0	static
../Core/Src/stm32f4xx_it.c:126:6:BusFault_Handler	0	static
../Core/Src/stm32f4xx_it.c:141:6:UsageFault_Handler	0	static
../Core/Src/stm32f4xx_it.c:156:6:DebugMon_Handler	0	static
../Core/Src/stm32f4xx_it.c:176:6:DMA1_Stream0_IRQHandler	0	static
../Core/Src/stm32f4xx_it.c:190:6:DMA1_Stream1_IRQHandler	0	static
../Core/Src/stm32f4xx_it.c:204:6:TIM1_TRG_COM_TIM11_IRQHandler	8	static
../Core/Src/stm32f4xx_it.c:219:6:I2C1_EV_IRQHandler	0	static
../Core/Src/stm32f4xx_it.c:233:6:I2C1_ER_IRQHandler	0	static
../Core/Src/stm32f4xx_it.c:247:6:USART1_IRQHandler	0	static
../Core/Src/stm32f4xx_it.c:261:6:DMA2_Stream2_IRQHandler	0	static
../Core/Src/stm32f4xx_it.c:275:6:DMA2_Stream7_IRQHandler	0	static
